// Jest Snapshot v1, https://goo.gl/fbAQLP

exports[`FastlyProvider encodeBeaconData should encode the beacon data as a JSON string 1`] = `"{\\"test_id\\":\\"42c91a26-c33f-482a-9ac9-353cd615c0a9\\",\\"test_api_key\\":\\"d00fe9b6-91c6-4434-8e77-14630e263a26\\",\\"test_lib_version\\":\\"3.0.0\\",\\"test_server\\":\\"{\\\\\\"datacenter\\\\\\":\\\\\\"LCY\\\\\\"}\\",\\"test_timestamp\\":1609459200,\\"task_type\\":\\"pop\\",\\"task_id\\":\\"LCY\\",\\"task_schema_version\\":\\"0.0.0\\",\\"task_server_data\\":\\"<% SERVER_DATA %>\\",\\"task_client_data\\":\\"{\\\\\\"client_connection\\\\\\":{},\\\\\\"subject_id\\\\\\":\\\\\\"\\\\\\",\\\\\\"subject_attempted_id\\\\\\":\\\\\\"LCY\\\\\\",\\\\\\"subject_start_time\\\\\\":401.78500000183703,\\\\\\"subject_duration\\\\\\":33.96500000235392,\\\\\\"subject_next_hop_protocol\\\\\\":\\\\\\"http/1.1\\\\\\",\\\\\\"subject_worker_start\\\\\\":0,\\\\\\"subject_redirect_start\\\\\\":0,\\\\\\"subject_redirect_end\\\\\\":0,\\\\\\"subject_fetch_start\\\\\\":401.78500000183703,\\\\\\"subject_domain_lookup_start\\\\\\":404.2600000029779,\\\\\\"subject_domain_lookup_end\\\\\\":412.0850000035716,\\\\\\"subject_connect_start\\\\\\":412.0850000035716,\\\\\\"subject_connect_end\\\\\\":428.50000000180444,\\\\\\"subject_secure_connection_start\\\\\\":417.48000000370666,\\\\\\"subject_request_start\\\\\\":428.57000000367407,\\\\\\"subject_response_start\\\\\\":435.3950000004261,\\\\\\"subject_response_end\\\\\\":435.75000000419095,\\\\\\"subject_transfer_size\\\\\\":711,\\\\\\"subject_encoded_body_size\\\\\\":231,\\\\\\"subject_decoded_body_size\\\\\\":231}\\",\\"client_user_agent\\":\\"abc123\\",\\"client_ip\\":\\"1.2.3.4\\",\\"client_asn\\":10225,\\"client_region\\":\\"abc123\\",\\"client_country_code\\":\\"abc123\\",\\"client_continent_code\\":\\"abc123\\",\\"client_metro_code\\":\\"abc123\\",\\"client_postal_code\\":\\"abc123\\",\\"client_conn_speed\\":\\"abc123\\",\\"client_gmt_offset\\":\\"abc123\\",\\"client_latitude\\":\\"abc123\\",\\"client_longitude\\":\\"abc123\\",\\"resolver_ip\\":\\"abc123\\",\\"resolver_asn\\":33,\\"resolver_region\\":\\"abc123\\",\\"resolver_country_code\\":\\"abc123\\",\\"resolver_continent_code\\":\\"abc123\\",\\"resolver_conn_speed\\":\\"abc123\\",\\"resolver_latitude\\":\\"abc123\\",\\"resolver_longitude\\":\\"abc123\\"}"`;
